{
  "version": "1.5.0",
  "plugins_used": [
    {
      "name": "ArtifactoryDetector"
    },
    {
      "name": "AWSKeyDetector"
    },
    {
      "name": "AzureStorageKeyDetector"
    },
    {
      "name": "Base64HighEntropyString",
      "limit": 4.5
    },
    {
      "name": "BasicAuthDetector"
    },
    {
      "name": "CloudantDetector"
    },
    {
      "name": "DiscordBotTokenDetector"
    },
    {
      "name": "GitHubTokenDetector"
    },
    {
      "name": "GitLabTokenDetector"
    },
    {
      "name": "HexHighEntropyString",
      "limit": 3.0
    },
    {
      "name": "IbmCloudIamDetector"
    },
    {
      "name": "IbmCosHmacDetector"
    },
    {
      "name": "IPPublicDetector"
    },
    {
      "name": "JwtTokenDetector"
    },
    {
      "name": "KeywordDetector",
      "keyword_exclude": ""
    },
    {
      "name": "MailchimpDetector"
    },
    {
      "name": "NpmDetector"
    },
    {
      "name": "OpenAIDetector"
    },
    {
      "name": "PrivateKeyDetector"
    },
    {
      "name": "PypiTokenDetector"
    },
    {
      "name": "SendGridDetector"
    },
    {
      "name": "SlackDetector"
    },
    {
      "name": "SoftlayerDetector"
    },
    {
      "name": "SquareOAuthDetector"
    },
    {
      "name": "StripeDetector"
    },
    {
      "name": "TelegramBotTokenDetector"
    },
    {
      "name": "TwilioKeyDetector"
    }
  ],
  "filters_used": [
    {
      "path": "detect_secrets.filters.allowlist.is_line_allowlisted"
    },
    {
      "path": "detect_secrets.filters.common.is_baseline_file",
      "filename": ".secrets.baseline"
    },
    {
      "path": "detect_secrets.filters.common.is_ignored_due_to_verification_policies",
      "min_level": 2
    },
    {
      "path": "detect_secrets.filters.heuristic.is_indirect_reference"
    },
    {
      "path": "detect_secrets.filters.heuristic.is_likely_id_string"
    },
    {
      "path": "detect_secrets.filters.heuristic.is_lock_file"
    },
    {
      "path": "detect_secrets.filters.heuristic.is_not_alphanumeric_string"
    },
    {
      "path": "detect_secrets.filters.heuristic.is_potential_uuid"
    },
    {
      "path": "detect_secrets.filters.heuristic.is_prefixed_with_dollar_sign"
    },
    {
      "path": "detect_secrets.filters.heuristic.is_sequential_string"
    },
    {
      "path": "detect_secrets.filters.heuristic.is_swagger_file"
    },
    {
      "path": "detect_secrets.filters.heuristic.is_templated_secret"
    }
  ],
  "results": {
    ".github/workflows/docker-publish.yml": [
      {
        "type": "Secret Keyword",
        "filename": ".github/workflows/docker-publish.yml",
        "hashed_secret": "a7c6f2bf2a1f9d8b6cd1b1c8d550b25cf6c1f970",
        "is_verified": false,
        "line_number": 175
      }
    ],
    "src/agents/guide/agents/interactive_agent.py": [
      {
        "type": "Base64 High Entropy String",
        "filename": "src/agents/guide/agents/interactive_agent.py",
        "hashed_secret": "559f33e318ea8360e316ec7409de63272a7daea0",
        "is_verified": false,
        "line_number": 74,
        "is_secret": false
      },
      {
        "type": "Base64 High Entropy String",
        "filename": "src/agents/guide/agents/interactive_agent.py",
        "hashed_secret": "fe9ae166dc80168f37e50564be9e45c016a48cd0",
        "is_verified": false,
        "line_number": 75,
        "is_secret": false
      },
      {
        "type": "Base64 High Entropy String",
        "filename": "src/agents/guide/agents/interactive_agent.py",
        "hashed_secret": "482f1d4d250823ce0ff5fad9dfaf0d471835aedb",
        "is_verified": false,
        "line_number": 76,
        "is_secret": false
      }
    ],
    "src/agents/solve/main_solver.py": [
      {
        "type": "Secret Keyword",
        "filename": "src/agents/solve/main_solver.py",
        "hashed_secret": "985b05576c57bdeccfcaf33261ea1c43ce7e3155",
        "is_verified": false,
        "line_number": 208,
        "is_secret": false
      }
    ],
    "src/api/routers/embedding_provider.py": [
      {
        "type": "Secret Keyword",
        "filename": "src/api/routers/embedding_provider.py",
        "hashed_secret": "6a7087481b65a934d9f1986d6313216eb1565b87",
        "is_verified": false,
        "line_number": 118,
        "is_secret": false
      }
    ],
    "src/api/routers/llm_provider.py": [
      {
        "type": "Secret Keyword",
        "filename": "src/api/routers/llm_provider.py",
        "hashed_secret": "985b05576c57bdeccfcaf33261ea1c43ce7e3155",
        "is_verified": false,
        "line_number": 98,
        "is_secret": false
      }
    ],
    "src/api/routers/system.py": [
      {
        "type": "Secret Keyword",
        "filename": "src/api/routers/system.py",
        "hashed_secret": "985b05576c57bdeccfcaf33261ea1c43ce7e3155",
        "is_verified": false,
        "line_number": 108,
        "is_secret": false
      }
    ],
    "src/knowledge/README.md": [
      {
        "type": "Secret Keyword",
        "filename": "src/knowledge/README.md",
        "hashed_secret": "9ad19750930e5cf133e024641c00daf5fc90c700",
        "is_verified": false,
        "line_number": 323,
        "is_secret": false
      }
    ],
    "src/tools/web_search/README.md": [
      {
        "type": "Secret Keyword",
        "filename": "src/tools/web_search/README.md",
        "hashed_secret": "b2bc1f908a5df61aee3c6badf1ab9e6bec390592",
        "is_verified": false,
        "line_number": 333,
        "is_secret": false
      },
      {
        "type": "Secret Keyword",
        "filename": "src/tools/web_search/README.md",
        "hashed_secret": "46125dd7214670fbb5f5c6b57126ae3440d207f4",
        "is_verified": false,
        "line_number": 690,
        "is_secret": false
      }
    ],
    "src/tools/web_search/providers/baidu.py": [
      {
        "type": "Secret Keyword",
        "filename": "src/tools/web_search/providers/baidu.py",
        "hashed_secret": "46a00de6537088c80b8db3165380fcf31d441b95",
        "is_verified": false,
        "line_number": 30,
        "is_secret": false
      }
    ],
    "src/tools/web_search/providers/exa.py": [
      {
        "type": "Secret Keyword",
        "filename": "src/tools/web_search/providers/exa.py",
        "hashed_secret": "3dae1eb41288aa0483187ef2264b4b3b27d7a5cd",
        "is_verified": false,
        "line_number": 38,
        "is_secret": false
      }
    ],
    "src/tools/web_search/providers/jina.py": [
      {
        "type": "Secret Keyword",
        "filename": "src/tools/web_search/providers/jina.py",
        "hashed_secret": "2272f6d4bdf0da9db19a683d47cedce691a1a076",
        "is_verified": false,
        "line_number": 35,
        "is_secret": false
      }
    ],
    "src/tools/web_search/providers/perplexity.py": [
      {
        "type": "Secret Keyword",
        "filename": "src/tools/web_search/providers/perplexity.py",
        "hashed_secret": "05e4bcd7b031cd6255f628df4f8a976559d44f06",
        "is_verified": false,
        "line_number": 27,
        "is_secret": false
      }
    ],
    "src/tools/web_search/providers/serper.py": [
      {
        "type": "Secret Keyword",
        "filename": "src/tools/web_search/providers/serper.py",
        "hashed_secret": "41dbe0a0d71248b123de33a9faa472809514c464",
        "is_verified": false,
        "line_number": 39,
        "is_secret": false
      }
    ],
    "src/tools/web_search/providers/tavily.py": [
      {
        "type": "Secret Keyword",
        "filename": "src/tools/web_search/providers/tavily.py",
        "hashed_secret": "46125dd7214670fbb5f5c6b57126ae3440d207f4",
        "is_verified": false,
        "line_number": 33,
        "is_secret": false
      }
    ],
    "web/app/guide/page.tsx": [
      {
        "type": "Base64 High Entropy String",
        "filename": "web/app/guide/page.tsx",
        "hashed_secret": "559f33e318ea8360e316ec7409de63272a7daea0",
        "is_verified": false,
        "line_number": 159,
        "is_secret": false
      },
      {
        "type": "Base64 High Entropy String",
        "filename": "web/app/guide/page.tsx",
        "hashed_secret": "fe9ae166dc80168f37e50564be9e45c016a48cd0",
        "is_verified": false,
        "line_number": 161,
        "is_secret": false
      },
      {
        "type": "Base64 High Entropy String",
        "filename": "web/app/guide/page.tsx",
        "hashed_secret": "482f1d4d250823ce0ff5fad9dfaf0d471835aedb",
        "is_verified": false,
        "line_number": 163,
        "is_secret": false
      }
    ]
  },
  "generated_at": "2026-01-14T02:31:46Z"
}
